12:21:34 **** Incremental Build of configuration Debug for project lr2 ****
make -j8 all 
arm-none-eabi-gcc "../Core/Src/main.c" -mcpu=cortex-m4 -std=gnu11 -g3 -DDEBUG -DUSE_HAL_DRIVER -DSTM32F446xx -c -I../Core/Inc -I../Drivers/STM32F4xx_HAL_Driver/Inc -I../Drivers/STM32F4xx_HAL_Driver/Inc/Legacy -I../Drivers/CMSIS/Device/ST/STM32F4xx/Include -I../Drivers/CMSIS/Include -O0 -ffunction-sections -fdata-sections -Wall -fstack-usage -MMD -MP -MF"Core/Src/main.d" -MT"Core/Src/main.o" --specs=nano.specs -mfpu=fpv4-sp-d16 -mfloat-abi=hard -mthumb -o "Core/Src/main.o"
arm-none-eabi-gcc -o "lr2.elf" @"objects.list"   -mcpu=cortex-m4 -T"C:\Users\mehaniklo\Documents\Digital and microcontroller technology\Lab2\lr2\STM32F446RETX_FLASH.ld" --specs=nosys.specs -Wl,-Map="lr2.map" -Wl,--gc-sections -static --specs=nano.specs -mfpu=fpv4-sp-d16 -mfloat-abi=hard -mthumb -Wl,--start-group -lc -lm -Wl,--end-group
Finished building target: lr2.elf
 
arm-none-eabi-objdump -h -S  lr2.elf  > "lr2.list"
arm-none-eabi-objcopy  -O binary  lr2.elf  "lr2.bin"
arm-none-eabi-size   lr2.elf 
   text	   data	    bss	    dec	    hex	filename
   8140	     20	   1572	   9732	   2604	lr2.elf
Finished building: default.size.stdout
 
Finished building: lr2.bin
 
Finished building: lr2.list
 

12:21:34 Build Finished. 0 errors, 0 warnings. (took 758ms)

